{"level":"info","message":"Starting Gateway Health Monitor...","timestamp":"2026-09-12T22:47:12.473Z"}
{"level":"info","message":"Poll Interval: 30000ms","timestamp":"2026-09-12T22:47:12.478Z"}
{"level":"info","message":"Latency Threshold: 2000ms","timestamp":"2026-09-12T22:47:12.479Z"}
{"level":"info","message":"--- Starting Polling Cycle (6 endpoints) ---","timestamp":"2026-09-12T22:47:12.479Z"}
{"level":"info","message":"API Server listening on port 3000","timestamp":"2026-09-12T22:47:12.533Z"}
{"level":"info","message":"[OK] Mock Healthy     | 200 | 88ms  ","timestamp":"2026-09-12T22:47:12.616Z"}
{"level":"info","message":"[OK] Mock Unstable    | 200 | 88ms  ","timestamp":"2026-09-12T22:47:12.617Z"}
{"level":"info","message":"[OK] JSONPlaceholder  | 200 | 615ms ","timestamp":"2026-09-12T22:47:13.094Z"}
{"level":"info","message":"[OK] ReqRes API       | 200 | 857ms ","timestamp":"2026-09-12T22:47:13.384Z"}
{"level":"info","message":"[OK] HTTPBin GET      | 200 | 1157ms","timestamp":"2026-09-12T22:47:13.683Z"}
{"level":"warn","message":"[FAIL] Mock Slow        | 200 | 3099ms | Reason: Latency 3099ms exceeds threshold of 2000ms","timestamp":"2026-09-12T22:47:15.629Z"}
{"level":"error","message":"ALERT TRIGGERED for Mock Slow - Reason: Latency 3099ms exceeds threshold of 2000ms","timestamp":"2026-09-12T22:47:15.630Z"}
{"level":"info","message":"--- Starting Polling Cycle (6 endpoints) ---","timestamp":"2026-09-12T22:47:42.533Z"}
{"level":"info","message":"[OK] Mock Healthy     | 200 | 25ms  ","timestamp":"2026-09-12T22:47:42.564Z"}
{"level":"info","message":"[OK] Mock Unstable    | 200 | 26ms  ","timestamp":"2026-09-12T22:47:42.566Z"}
{"level":"info","message":"[OK] ReqRes API       | 200 | 187ms ","timestamp":"2026-09-12T22:47:42.724Z"}
{"level":"info","message":"[OK] JSONPlaceholder  | 200 | 562ms ","timestamp":"2026-09-12T22:47:43.095Z"}
{"level":"info","message":"[OK] HTTPBin GET      | 200 | 1157ms","timestamp":"2026-09-12T22:47:43.693Z"}
{"level":"warn","message":"[FAIL] Mock Slow        | 200 | 3038ms | Reason: Latency 3038ms exceeds threshold of 2000ms","timestamp":"2026-09-12T22:47:45.578Z"}
{"level":"error","message":"ALERT TRIGGERED for Mock Slow - Reason: Latency 3038ms exceeds threshold of 2000ms","timestamp":"2026-09-12T22:47:45.581Z"}
{"level":"info","message":"--- Starting Polling Cycle (6 endpoints) ---","timestamp":"2026-09-12T22:48:12.543Z"}
{"level":"info","message":"[OK] Mock Healthy     | 200 | 18ms  ","timestamp":"2026-09-12T22:48:12.566Z"}
{"level":"info","message":"[OK] Mock Unstable    | 200 | 20ms  ","timestamp":"2026-09-12T22:48:12.569Z"}
{"level":"info","message":"[OK] ReqRes API       | 200 | 257ms ","timestamp":"2026-09-12T22:48:12.804Z"}
{"level":"info","message":"[OK] JSONPlaceholder  | 200 | 552ms ","timestamp":"2026-09-12T22:48:13.096Z"}
{"level":"info","message":"[OK] HTTPBin GET      | 200 | 1108ms","timestamp":"2026-09-12T22:48:13.654Z"}
{"level":"warn","message":"[FAIL] Mock Slow        | 200 | 3026ms | Reason: Latency 3026ms exceeds threshold of 2000ms","timestamp":"2026-09-12T22:48:15.575Z"}
{"level":"error","message":"ALERT TRIGGERED for Mock Slow - Reason: Latency 3026ms exceeds threshold of 2000ms","timestamp":"2026-09-12T22:48:15.577Z"}
{"level":"info","message":"--- Starting Polling Cycle (6 endpoints) ---","timestamp":"2026-09-12T22:48:42.557Z"}
{"level":"info","message":"[OK] Mock Healthy     | 200 | 76ms  ","timestamp":"2026-09-12T22:48:42.641Z"}
{"level":"warn","message":"[FAIL] Mock Unstable    | 503 | 77ms   | Reason: HTTP 503 Service Unavailable","timestamp":"2026-09-12T22:48:42.643Z"}
{"level":"info","message":"[OK] JSONPlaceholder  | 200 | 636ms ","timestamp":"2026-09-12T22:48:43.194Z"}
{"level":"info","message":"[OK] ReqRes API       | 200 | 730ms ","timestamp":"2026-09-12T22:48:43.294Z"}
{"level":"info","message":"[OK] HTTPBin GET      | 200 | 1623ms","timestamp":"2026-09-12T22:48:44.183Z"}
{"level":"warn","message":"[FAIL] Mock Slow        | 200 | 3092ms | Reason: Latency 3092ms exceeds threshold of 2000ms","timestamp":"2026-09-12T22:48:45.658Z"}
{"level":"error","message":"ALERT TRIGGERED for Mock Unstable - Reason: HTTP 503 Service Unavailable","timestamp":"2026-09-12T22:48:45.660Z"}
{"level":"error","message":"ALERT TRIGGERED for Mock Slow - Reason: Latency 3092ms exceeds threshold of 2000ms","timestamp":"2026-09-12T22:48:45.665Z"}
{"level":"info","message":"--- Starting Polling Cycle (6 endpoints) ---","timestamp":"2026-09-12T22:49:12.561Z"}
{"level":"info","message":"[OK] Mock Healthy     | 200 | 21ms  ","timestamp":"2026-09-12T22:49:12.587Z"}
{"level":"warn","message":"[FAIL] Mock Unstable    | 503 | 21ms   | Reason: HTTP 503 Service Unavailable","timestamp":"2026-09-12T22:49:12.588Z"}
{"level":"info","message":"[OK] ReqRes API       | 200 | 219ms ","timestamp":"2026-09-12T22:49:12.784Z"}
{"level":"info","message":"[OK] JSONPlaceholder  | 200 | 514ms ","timestamp":"2026-09-12T22:49:13.076Z"}
{"level":"info","message":"[OK] HTTPBin GET      | 200 | 1350ms","timestamp":"2026-09-12T22:49:13.914Z"}
{"level":"warn","message":"[FAIL] Mock Slow        | 200 | 3031ms | Reason: Latency 3031ms exceeds threshold of 2000ms","timestamp":"2026-09-12T22:49:15.598Z"}
{"level":"error","message":"ALERT TRIGGERED for Mock Unstable - Reason: HTTP 503 Service Unavailable","timestamp":"2026-09-12T22:49:15.605Z"}
{"level":"error","message":"ALERT TRIGGERED for Mock Slow - Reason: Latency 3031ms exceeds threshold of 2000ms","timestamp":"2026-09-12T22:49:15.621Z"}
{"level":"info","message":"--- Starting Polling Cycle (6 endpoints) ---","timestamp":"2026-09-12T22:49:42.575Z"}
{"level":"info","message":"[OK] Mock Healthy     | 200 | 15ms  ","timestamp":"2026-09-12T22:49:42.598Z"}
{"level":"warn","message":"[FAIL] Mock Unstable    | 503 | 18ms   | Reason: HTTP 503 Service Unavailable","timestamp":"2026-09-12T22:49:42.602Z"}
{"level":"info","message":"[OK] ReqRes API       | 200 | 214ms ","timestamp":"2026-09-12T22:49:42.794Z"}
{"level":"info","message":"[OK] JSONPlaceholder  | 200 | 488ms ","timestamp":"2026-09-12T22:49:43.064Z"}
{"level":"info","message":"[OK] HTTPBin GET      | 200 | 995ms ","timestamp":"2026-09-12T22:49:43.574Z"}
{"level":"warn","message":"[FAIL] Mock Slow        | 200 | 3029ms | Reason: Latency 3029ms exceeds threshold of 2000ms","timestamp":"2026-09-12T22:49:45.614Z"}
{"level":"error","message":"ALERT TRIGGERED for Mock Unstable - Reason: HTTP 503 Service Unavailable","timestamp":"2026-09-12T22:49:45.617Z"}
{"level":"error","message":"ALERT TRIGGERED for Mock Slow - Reason: Latency 3029ms exceeds threshold of 2000ms","timestamp":"2026-09-12T22:49:45.620Z"}
{"level":"info","message":"--- Starting Polling Cycle (6 endpoints) ---","timestamp":"2026-09-12T22:50:12.582Z"}
{"level":"info","message":"[OK] Mock Healthy     | 200 | 22ms  ","timestamp":"2026-09-12T22:50:12.609Z"}
{"level":"info","message":"[OK] Mock Unstable    | 200 | 29ms  ","timestamp":"2026-09-12T22:50:12.617Z"}
{"level":"info","message":"[OK] JSONPlaceholder  | 200 | 181ms ","timestamp":"2026-09-12T22:50:12.765Z"}
{"level":"info","message":"[OK] ReqRes API       | 200 | 657ms ","timestamp":"2026-09-12T22:50:13.244Z"}
{"level":"info","message":"[OK] HTTPBin GET      | 200 | 1308ms","timestamp":"2026-09-12T22:50:13.893Z"}
{"level":"warn","message":"[FAIL] Mock Slow        | 200 | 3039ms | Reason: Latency 3039ms exceeds threshold of 2000ms","timestamp":"2026-09-12T22:50:15.628Z"}
{"level":"error","message":"ALERT TRIGGERED for Mock Slow - Reason: Latency 3039ms exceeds threshold of 2000ms","timestamp":"2026-09-12T22:50:15.634Z"}
{"level":"info","message":"--- Starting Polling Cycle (6 endpoints) ---","timestamp":"2026-09-12T22:50:42.593Z"}
{"level":"warn","message":"[FAIL] Mock Healthy     | ERR | N/A    | Reason: fetch failed","timestamp":"2026-09-12T22:50:42.646Z"}
{"level":"warn","message":"[FAIL] Mock Unstable    | ERR | N/A    | Reason: fetch failed","timestamp":"2026-09-12T22:50:42.647Z"}
{"level":"warn","message":"[FAIL] Mock Slow        | ERR | N/A    | Reason: fetch failed","timestamp":"2026-09-12T22:50:42.648Z"}
{"level":"info","message":"[OK] ReqRes API       | 200 | 274ms ","timestamp":"2026-09-12T22:50:42.874Z"}
{"level":"info","message":"[OK] JSONPlaceholder  | 200 | 598ms ","timestamp":"2026-09-12T22:50:43.194Z"}
{"level":"info","message":"[OK] HTTPBin GET      | 200 | 1157ms","timestamp":"2026-09-12T22:50:43.754Z"}
{"level":"error","message":"ALERT TRIGGERED for Mock Healthy - Reason: fetch failed","timestamp":"2026-09-12T22:50:43.756Z"}
{"level":"error","message":"ALERT TRIGGERED for Mock Unstable - Reason: fetch failed","timestamp":"2026-09-12T22:50:43.757Z"}
{"level":"error","message":"ALERT TRIGGERED for Mock Slow - Reason: fetch failed","timestamp":"2026-09-12T22:50:43.759Z"}
{"level":"info","message":"--- Starting Polling Cycle (6 endpoints) ---","timestamp":"2026-09-12T22:51:12.601Z"}
{"level":"warn","message":"[FAIL] Mock Healthy     | ERR | N/A    | Reason: fetch failed","timestamp":"2026-09-12T22:51:12.631Z"}
{"level":"warn","message":"[FAIL] Mock Unstable    | ERR | N/A    | Reason: fetch failed","timestamp":"2026-09-12T22:51:12.635Z"}
{"level":"warn","message":"[FAIL] Mock Slow        | ERR | N/A    | Reason: fetch failed","timestamp":"2026-09-12T22:51:12.636Z"}
{"level":"info","message":"[OK] JSONPlaceholder  | 200 | 250ms ","timestamp":"2026-09-12T22:51:12.855Z"}
{"level":"info","message":"[OK] ReqRes API       | 200 | 275ms ","timestamp":"2026-09-12T22:51:12.884Z"}
{"level":"info","message":"[OK] HTTPBin GET      | 200 | 1345ms","timestamp":"2026-09-12T22:51:13.953Z"}
{"level":"error","message":"ALERT TRIGGERED for Mock Healthy - Reason: fetch failed","timestamp":"2026-09-12T22:51:13.955Z"}
{"level":"error","message":"ALERT TRIGGERED for Mock Unstable - Reason: fetch failed","timestamp":"2026-09-12T22:51:13.958Z"}
{"level":"error","message":"ALERT TRIGGERED for Mock Slow - Reason: fetch failed","timestamp":"2026-09-12T22:51:13.961Z"}
{"level":"info","message":"Gracefully shutting down...","timestamp":"2026-09-12T22:51:33.672Z"}
